MSBUILD : error MSB1001: Unknown switch.
    Full command line: 'C:\Program Files\dotnet\sdk\8.0.416\MSBuild.dll -maxcpucount -verbosity:m -nologo -restore -target:VSTest -nodereuse:false -nologo -property:Configuration=Debug APITests -k QuickTest -property:VSTestArtifactsProcessingMode=collect -property:VSTestSessionCorrelationId=12928_2cf97523-582e-4fce-95ba-66fb48db437d -distributedlogger:Microsoft.DotNet.Tools.MSBuild.MSBuildLogger,C:\Program Files\dotnet\sdk\8.0.416\dotnet.dll*Microsoft.DotNet.Tools.MSBuild.MSBuildForwardingLogger,C:\Program Files\dotnet\sdk\8.0.416\dotnet.dll'
  Switches appended by response files:
Switch: -k

For switch syntax, type "MSBuild -help"
